[2023-07-31_19-23-42][INFO] This is an info message
[2023-07-31_19-23-58][INFO] This is an info message
[2023-08-01_12-29-28][INFO] This is an info message
[2023-08-01_12-44-12][INFO] This is an debug message
[2023-08-01_12-44-12][INFO] This is an info message
[2023-08-01_12-44-12][INFO] This is an info message
[2023-08-01_12-47-08][INFO] This is an debug message
[2023-08-01_12-47-08][INFO] This is an info message
[2023-08-01_12-47-08][INFO] This is an info message
[2023-08-01_14-40-06][INFO] This is an debug message
[2023-08-01_14-40-06][INFO] This is an info message
[2023-08-01_14-40-07][INFO] This is an info message
[2023-08-01_15-37-40][INFO] This is an debug message
[2023-08-01_15-37-40][INFO] This is an info message
[2023-08-01_15-37-40][INFO] This is an info message
[2023-08-01_15-49-23][INFO] This is an debug message
[2023-08-01_15-49-23][INFO] This is an info message
[2023-08-01_15-49-23][INFO] This is an info message
